2026-06-24 09:57:48 [main] INFO  c.f.p.c.PaymentControllerTest - Starting PaymentControllerTest using Java 17.0.18 with PID 36512 (started by avilakad in C:\Users\avilakad\OneDrive - Publicis Groupe\Documents\Food-Delivery-main\payment-service)
2026-06-24 09:57:48 [main] DEBUG c.f.p.c.PaymentControllerTest - Running with Spring Boot v3.2.0, Spring v6.1.1
2026-06-24 09:57:48 [main] INFO  c.f.p.c.PaymentControllerTest - No active profile set, falling back to 1 default profile: "default"
2026-06-24 09:57:48 [main] INFO  o.s.c.c.c.ConfigServerConfigDataLoader - Fetching config from server at : http://localhost:8888
2026-06-24 09:57:48 [main] INFO  o.s.c.c.c.ConfigServerConfigDataLoader - Located environment: name=payment-service, profiles=[default], label=null, version=127b1adee530cd27467179f9b7c7520365be625a, state=null
2026-06-24 09:58:09 [main] WARN  o.s.b.a.s.s.UserDetailsServiceAutoConfiguration - 

Using generated security password: 551e21e3-46d7-4e9d-a9a0-f9927da7f7fa

This generated password is for development use only. Your security configuration must be updated before running your application in production.

2026-06-24 09:58:10 [main] INFO  o.s.s.web.DefaultSecurityFilterChain - Will secure any request with [org.springframework.security.web.session.DisableEncodeUrlFilter@3c02b068, org.springframework.security.web.context.request.async.WebAsyncManagerIntegrationFilter@a91212e, org.springframework.security.web.context.SecurityContextHolderFilter@3248b221, org.springframework.security.web.header.HeaderWriterFilter@44185116, org.springframework.web.filter.CorsFilter@38ec1c34, org.springframework.security.web.csrf.CsrfFilter@51790ffb, org.springframework.security.web.authentication.logout.LogoutFilter@16c5974d, org.springframework.security.web.authentication.UsernamePasswordAuthenticationFilter@1aeedc01, org.springframework.security.web.authentication.ui.DefaultLoginPageGeneratingFilter@72a2b17d, org.springframework.security.web.authentication.ui.DefaultLogoutPageGeneratingFilter@2a144ea0, org.springframework.security.web.authentication.www.BasicAuthenticationFilter@2712bbab, org.springframework.security.web.savedrequest.RequestCacheAwareFilter@5fbcc71d, org.springframework.security.web.servletapi.SecurityContextHolderAwareRequestFilter@3cfa429c, org.springframework.security.web.authentication.AnonymousAuthenticationFilter@33c2a7a, org.springframework.security.web.access.ExceptionTranslationFilter@24bbe3c6, org.springframework.security.web.access.intercept.AuthorizationFilter@172249cd]
2026-06-24 09:58:10 [main] INFO  o.s.b.t.m.w.SpringBootMockServletContext - Initializing Spring TestDispatcherServlet ''
2026-06-24 09:58:10 [main] INFO  o.s.t.w.s.TestDispatcherServlet - Initializing Servlet ''
2026-06-24 09:58:10 [main] INFO  o.s.t.w.s.TestDispatcherServlet - Completed initialization in 8 ms
2026-06-24 09:58:10 [main] INFO  c.f.p.c.PaymentControllerTest - Started PaymentControllerTest in 34.163 seconds (process running for 48.413)
2026-06-24 09:58:14 [main] WARN  c.f.p.e.GlobalExceptionHandler - JSON parsing error for POST request to /api/payments/process: JSON parse error: Unexpected character ('i' (code 105)): was expecting double-quote to start field name
2026-06-24 09:58:18 [main] WARN  c.f.p.e.GlobalExceptionHandler - JSON parsing error for POST request to null: null
2026-06-24 09:58:18 [main] DEBUG c.f.p.e.GlobalExceptionHandler - Skipping JSON parsing error for actuator endpoint: /actuator
2026-06-24 09:58:18 [main] DEBUG c.f.p.e.GlobalExceptionHandler - Letting Spring handle HttpMessageNotReadableException for TRACE request to /api/payments
2026-06-24 09:58:18 [main] WARN  c.f.p.e.GlobalExceptionHandler - JSON parsing error for PATCH request to /api/payments: null
2026-06-24 09:58:18 [main] DEBUG c.f.p.e.GlobalExceptionHandler - Skipping JSON parsing error for actuator endpoint: /actuator/health
2026-06-24 09:58:18 [main] WARN  c.f.p.e.GlobalExceptionHandler - JSON parsing error for POST request to null: null
2026-06-24 09:58:18 [main] DEBUG c.f.p.e.GlobalExceptionHandler - Skipping JSON parsing error for OPTIONS request to null
2026-06-24 09:58:18 [main] WARN  c.f.p.e.GlobalExceptionHandler - JSON parsing error for PUT request to /api/payments: null
2026-06-24 09:58:18 [main] DEBUG c.f.p.e.GlobalExceptionHandler - Skipping JSON parsing error for HEAD request to null
2026-06-24 09:58:18 [main] DEBUG c.f.p.e.GlobalExceptionHandler - Skipping JSON parsing error for GET request to null
2026-06-24 09:58:18 [main] DEBUG c.f.p.e.GlobalExceptionHandler - Skipping JSON parsing error for DELETE request to null
2026-06-24 09:58:18 [main] DEBUG c.f.p.e.GlobalExceptionHandler - Skipping JSON parsing error for actuator endpoint: /api/actuator/health
2026-06-24 09:58:18 [main] WARN  c.f.p.e.GlobalExceptionHandler - JSON parsing error for POST request to /api/payments: null
2026-06-24 09:58:24 [main] INFO  c.f.p.PaymentServiceApplication - Starting PaymentServiceApplication using Java 17.0.18 with PID 36512 (started by avilakad in C:\Users\avilakad\OneDrive - Publicis Groupe\Documents\Food-Delivery-main\payment-service)
2026-06-24 09:58:24 [main] DEBUG c.f.p.PaymentServiceApplication - Running with Spring Boot v3.2.0, Spring v6.1.1
2026-06-24 09:58:24 [main] INFO  c.f.p.PaymentServiceApplication - No active profile set, falling back to 1 default profile: "default"
2026-06-24 09:58:24 [main] INFO  o.s.c.c.c.ConfigServerConfigDataLoader - Fetching config from server at : http://localhost:8888
2026-06-24 09:58:24 [main] INFO  o.s.c.c.c.ConfigServerConfigDataLoader - Located environment: name=payment-service, profiles=[default], label=null, version=127b1adee530cd27467179f9b7c7520365be625a, state=null
2026-06-24 09:58:29 [main] INFO  o.s.d.r.c.RepositoryConfigurationDelegate - Bootstrapping Spring Data JPA repositories in DEFAULT mode.
2026-06-24 09:58:30 [main] INFO  o.s.d.r.c.RepositoryConfigurationDelegate - Finished Spring Data repository scanning in 297 ms. Found 2 JPA repository interfaces.
2026-06-24 09:58:32 [main] INFO  o.s.cloud.context.scope.GenericScope - BeanFactory id=3033e3a2-b9b2-3ef9-a96d-020022877423
2026-06-24 09:58:34 [main] WARN  o.s.c.s.PostProcessorRegistrationDelegate$BeanPostProcessorChecker - Bean 'org.springframework.cloud.client.loadbalancer.LoadBalancerAutoConfiguration$RetryInterceptorAutoConfiguration' of type [org.springframework.cloud.client.loadbalancer.LoadBalancerAutoConfiguration$RetryInterceptorAutoConfiguration] is not eligible for getting processed by all BeanPostProcessors (for example: not eligible for auto-proxying). The currently created BeanPostProcessor [lbRestClientPostProcessor] is declared through a non-static factory method on that class; consider declaring it as static instead.
2026-06-24 09:58:34 [main] WARN  o.s.c.s.PostProcessorRegistrationDelegate$BeanPostProcessorChecker - Bean 'org.springframework.cloud.loadbalancer.config.BlockingLoadBalancerClientAutoConfiguration' of type [org.springframework.cloud.loadbalancer.config.BlockingLoadBalancerClientAutoConfiguration] is not eligible for getting processed by all BeanPostProcessors (for example: not eligible for auto-proxying). Is this bean getting eagerly injected into a currently created BeanPostProcessor [lbRestClientPostProcessor]? Check the corresponding BeanPostProcessor declaration and its dependencies.
2026-06-24 09:58:34 [main] WARN  o.s.c.s.PostProcessorRegistrationDelegate$BeanPostProcessorChecker - Bean 'org.springframework.cloud.loadbalancer.config.LoadBalancerAutoConfiguration' of type [org.springframework.cloud.loadbalancer.config.LoadBalancerAutoConfiguration] is not eligible for getting processed by all BeanPostProcessors (for example: not eligible for auto-proxying). Is this bean getting eagerly injected into a currently created BeanPostProcessor [lbRestClientPostProcessor]? Check the corresponding BeanPostProcessor declaration and its dependencies.
2026-06-24 09:58:34 [main] WARN  o.s.c.s.PostProcessorRegistrationDelegate$BeanPostProcessorChecker - Bean 'org.springframework.cloud.commons.config.CommonsConfigAutoConfiguration' of type [org.springframework.cloud.commons.config.CommonsConfigAutoConfiguration] is not eligible for getting processed by all BeanPostProcessors (for example: not eligible for auto-proxying). Is this bean getting eagerly injected into a currently created BeanPostProcessor [lbRestClientPostProcessor]? Check the corresponding BeanPostProcessor declaration and its dependencies.
2026-06-24 09:58:34 [main] WARN  o.s.c.s.PostProcessorRegistrationDelegate$BeanPostProcessorChecker - Bean 'org.springframework.cloud.client.loadbalancer.LoadBalancerDefaultMappingsProviderAutoConfiguration' of type [org.springframework.cloud.client.loadbalancer.LoadBalancerDefaultMappingsProviderAutoConfiguration] is not eligible for getting processed by all BeanPostProcessors (for example: not eligible for auto-proxying). Is this bean getting eagerly injected into a currently created BeanPostProcessor [lbRestClientPostProcessor]? Check the corresponding BeanPostProcessor declaration and its dependencies.
2026-06-24 09:58:34 [main] WARN  o.s.c.s.PostProcessorRegistrationDelegate$BeanPostProcessorChecker - Bean 'loadBalancerClientsDefaultsMappingsProvider' of type [org.springframework.cloud.client.loadbalancer.LoadBalancerDefaultMappingsProviderAutoConfiguration$$Lambda$1429/0x0000026e018994a0] is not eligible for getting processed by all BeanPostProcessors (for example: not eligible for auto-proxying). Is this bean getting eagerly injected into a currently created BeanPostProcessor [lbRestClientPostProcessor]? Check the corresponding BeanPostProcessor declaration and its dependencies.
2026-06-24 09:58:34 [main] WARN  o.s.c.s.PostProcessorRegistrationDelegate$BeanPostProcessorChecker - Bean 'defaultsBindHandlerAdvisor' of type [org.springframework.cloud.commons.config.DefaultsBindHandlerAdvisor] is not eligible for getting processed by all BeanPostProcessors (for example: not eligible for auto-proxying). Is this bean getting eagerly injected into a currently created BeanPostProcessor [lbRestClientPostProcessor]? Check the corresponding BeanPostProcessor declaration and its dependencies.
2026-06-24 09:58:34 [main] WARN  o.s.c.s.PostProcessorRegistrationDelegate$BeanPostProcessorChecker - Bean 'spring.cloud.loadbalancer-org.springframework.cloud.client.loadbalancer.LoadBalancerClientsProperties' of type [org.springframework.cloud.client.loadbalancer.LoadBalancerClientsProperties] is not eligible for getting processed by all BeanPostProcessors (for example: not eligible for auto-proxying). Is this bean getting eagerly injected into a currently created BeanPostProcessor [lbRestClientPostProcessor]? Check the corresponding BeanPostProcessor declaration and its dependencies.
2026-06-24 09:58:34 [main] WARN  o.s.c.s.PostProcessorRegistrationDelegate$BeanPostProcessorChecker - Bean 'default.org.springframework.cloud.loadbalancer.config.LoadBalancerAutoConfiguration.LoadBalancerClientSpecification' of type [org.springframework.cloud.loadbalancer.annotation.LoadBalancerClientSpecification] is not eligible for getting processed by all BeanPostProcessors (for example: not eligible for auto-proxying). Is this bean getting eagerly injected into a currently created BeanPostProcessor [lbRestClientPostProcessor]? Check the corresponding BeanPostProcessor declaration and its dependencies.
2026-06-24 09:58:34 [main] WARN  o.s.c.s.PostProcessorRegistrationDelegate$BeanPostProcessorChecker - Bean 'default.org.springframework.cloud.loadbalancer.config.BlockingLoadBalancerClientAutoConfiguration.LoadBalancerClientSpecification' of type [org.springframework.cloud.loadbalancer.annotation.LoadBalancerClientSpecification] is not eligible for getting processed by all BeanPostProcessors (for example: not eligible for auto-proxying). Is this bean getting eagerly injected into a currently created BeanPostProcessor [lbRestClientPostProcessor]? Check the corresponding BeanPostProcessor declaration and its dependencies.
2026-06-24 09:58:34 [main] WARN  o.s.c.s.PostProcessorRegistrationDelegate$BeanPostProcessorChecker - Bean 'loadBalancerClientFactory' of type [org.springframework.cloud.loadbalancer.support.LoadBalancerClientFactory] is not eligible for getting processed by all BeanPostProcessors (for example: not eligible for auto-proxying). Is this bean getting eagerly injected into a currently created BeanPostProcessor [lbRestClientPostProcessor]? Check the corresponding BeanPostProcessor declaration and its dependencies.
2026-06-24 09:58:34 [main] WARN  o.s.c.s.PostProcessorRegistrationDelegate$BeanPostProcessorChecker - Bean 'blockingLoadBalancerClient' of type [org.springframework.cloud.loadbalancer.blocking.client.BlockingLoadBalancerClient] is not eligible for getting processed by all BeanPostProcessors (for example: not eligible for auto-proxying). Is this bean getting eagerly injected into a currently created BeanPostProcessor [lbRestClientPostProcessor]? Check the corresponding BeanPostProcessor declaration and its dependencies.
2026-06-24 09:58:35 [main] WARN  o.s.c.s.PostProcessorRegistrationDelegate$BeanPostProcessorChecker - Bean 'loadBalancerServiceInstanceCookieTransformer' of type [org.springframework.cloud.loadbalancer.core.LoadBalancerServiceInstanceCookieTransformer] is not eligible for getting processed by all BeanPostProcessors (for example: not eligible for auto-proxying). Is this bean getting eagerly injected into a currently created BeanPostProcessor [lbRestClientPostProcessor]? Check the corresponding BeanPostProcessor declaration and its dependencies.
2026-06-24 09:58:35 [main] WARN  o.s.c.s.PostProcessorRegistrationDelegate$BeanPostProcessorChecker - Bean 'xForwarderHeadersTransformer' of type [org.springframework.cloud.loadbalancer.blocking.XForwardedHeadersTransformer] is not eligible for getting processed by all BeanPostProcessors (for example: not eligible for auto-proxying). Is this bean getting eagerly injected into a currently created BeanPostProcessor [lbRestClientPostProcessor]? Check the corresponding BeanPostProcessor declaration and its dependencies.
2026-06-24 09:58:35 [main] WARN  o.s.c.s.PostProcessorRegistrationDelegate$BeanPostProcessorChecker - Bean 'org.springframework.cloud.client.loadbalancer.LoadBalancerAutoConfiguration' of type [org.springframework.cloud.client.loadbalancer.LoadBalancerAutoConfiguration] is not eligible for getting processed by all BeanPostProcessors (for example: not eligible for auto-proxying). Is this bean getting eagerly injected into a currently created BeanPostProcessor [lbRestClientPostProcessor]? Check the corresponding BeanPostProcessor declaration and its dependencies.
2026-06-24 09:58:35 [main] WARN  o.s.c.s.PostProcessorRegistrationDelegate$BeanPostProcessorChecker - Bean 'loadBalancerRequestFactory' of type [org.springframework.cloud.client.loadbalancer.LoadBalancerRequestFactory] is not eligible for getting processed by all BeanPostProcessors (for example: not eligible for auto-proxying). Is this bean getting eagerly injected into a currently created BeanPostProcessor [lbRestClientPostProcessor]? Check the corresponding BeanPostProcessor declaration and its dependencies.
2026-06-24 09:58:35 [main] WARN  o.s.c.s.PostProcessorRegistrationDelegate$BeanPostProcessorChecker - Bean 'org.springframework.cloud.loadbalancer.config.BlockingLoadBalancerClientAutoConfiguration$BlockingLoadBalancerRetryConfig' of type [org.springframework.cloud.loadbalancer.config.BlockingLoadBalancerClientAutoConfiguration$BlockingLoadBalancerRetryConfig$$SpringCGLIB$$0] is not eligible for getting processed by all BeanPostProcessors (for example: not eligible for auto-proxying). Is this bean getting eagerly injected into a currently created BeanPostProcessor [lbRestClientPostProcessor]? Check the corresponding BeanPostProcessor declaration and its dependencies.
2026-06-24 09:58:35 [main] WARN  o.s.c.s.PostProcessorRegistrationDelegate$BeanPostProcessorChecker - Bean 'loadBalancedRetryFactory' of type [org.springframework.cloud.loadbalancer.blocking.retry.BlockingLoadBalancedRetryFactory] is not eligible for getting processed by all BeanPostProcessors (for example: not eligible for auto-proxying). Is this bean getting eagerly injected into a currently created BeanPostProcessor [lbRestClientPostProcessor]? Check the corresponding BeanPostProcessor declaration and its dependencies.
2026-06-24 09:58:35 [main] WARN  o.s.c.s.PostProcessorRegistrationDelegate$BeanPostProcessorChecker - Bean 'loadBalancerInterceptor' of type [org.springframework.cloud.client.loadbalancer.RetryLoadBalancerInterceptor] is not eligible for getting processed by all BeanPostProcessors (for example: not eligible for auto-proxying). Is this bean getting eagerly injected into a currently created BeanPostProcessor [lbRestClientPostProcessor]? Check the corresponding BeanPostProcessor declaration and its dependencies.
2026-06-24 09:58:39 [main] INFO  o.s.b.w.e.tomcat.TomcatWebServer - Tomcat initialized with port 0 (http)
2026-06-24 09:58:39 [main] INFO  o.a.catalina.core.StandardService - Starting service [Tomcat]
2026-06-24 09:58:39 [main] INFO  o.a.catalina.core.StandardEngine - Starting Servlet engine: [Apache Tomcat/10.1.16]
2026-06-24 09:58:40 [main] INFO  o.a.c.c.C.[Tomcat].[localhost].[/] - Initializing Spring embedded WebApplicationContext
2026-06-24 09:58:40 [main] INFO  o.s.b.w.s.c.ServletWebServerApplicationContext - Root WebApplicationContext: initialization completed in 16036 ms
2026-06-24 09:58:44 [main] DEBUG c.f.p.s.JwtAuthenticationFilter - Filter 'jwtAuthenticationFilter' configured for use
2026-06-24 09:58:48 [main] INFO  o.h.jpa.internal.util.LogHelper - HHH000204: Processing PersistenceUnitInfo [name: default]
2026-06-24 09:58:49 [main] INFO  org.hibernate.Version - HHH000412: Hibernate ORM core version 6.3.1.Final
2026-06-24 09:58:49 [main] INFO  o.h.c.i.RegionFactoryInitiator - HHH000026: Second-level cache disabled
2026-06-24 09:58:50 [main] INFO  o.s.o.j.p.SpringPersistenceUnitInfo - No LoadTimeWeaver setup: ignoring JPA class transformer
2026-06-24 09:58:50 [main] INFO  com.zaxxer.hikari.HikariDataSource - PaymentServiceHikariPool - Starting...
2026-06-24 09:58:52 [main] INFO  com.zaxxer.hikari.pool.HikariPool - PaymentServiceHikariPool - Added connection conn0: url=jdbc:h2:mem:paymentmain user=SA
2026-06-24 09:58:52 [main] INFO  com.zaxxer.hikari.HikariDataSource - PaymentServiceHikariPool - Start completed.
2026-06-24 09:58:52 [main] WARN  org.hibernate.orm.deprecation - HHH90000025: H2Dialect does not need to be specified explicitly using 'hibernate.dialect' (remove the property setting and it will be selected by default)
2026-06-24 09:58:58 [main] INFO  o.h.e.t.j.p.i.JtaPlatformInitiator - HHH000489: No JTA platform available (set 'hibernate.transaction.jta.platform' to enable JTA platform integration)
2026-06-24 09:58:58 [main] DEBUG org.hibernate.SQL - 
    drop table if exists payments cascade 
2026-06-24 09:58:58 [main] DEBUG org.hibernate.SQL - 
    drop table if exists processed_events cascade 
2026-06-24 09:58:58 [main] DEBUG org.hibernate.SQL - 
    create table payments (
        amount numeric(10,2) not null,
        created_at timestamp(6) not null,
        id bigint generated by default as identity,
        order_id bigint not null,
        updated_at timestamp(6),
        user_id bigint,
        payment_method varchar(255) not null,
        status varchar(255) not null check (status in ('PENDING','SUCCESS','FAILED','REFUNDED')),
        transaction_id varchar(255),
        primary key (id)
    )
2026-06-24 09:58:58 [main] DEBUG org.hibernate.SQL - 
    create table processed_events (
        id bigint generated by default as identity,
        processed_at timestamp(6) not null,
        event_id varchar(255) not null unique,
        event_type varchar(255) not null,
        primary key (id)
    )
2026-06-24 09:58:58 [main] INFO  o.s.o.j.LocalContainerEntityManagerFactoryBean - Initialized JPA EntityManagerFactory for persistence unit 'default'
2026-06-24 09:59:07 [main] WARN  o.s.b.a.s.s.UserDetailsServiceAutoConfiguration - 

Using generated security password: 0acff9ff-951f-4684-b6d4-e1ff38739f1b

This generated password is for development use only. Your security configuration must be updated before running your application in production.

2026-06-24 09:59:10 [main] INFO  o.s.b.a.e.web.EndpointLinksResolver - Exposing 10 endpoint(s) beneath base path '/actuator'
2026-06-24 09:59:10 [main] INFO  o.s.s.web.DefaultSecurityFilterChain - Will secure any request with [org.springframework.security.web.session.DisableEncodeUrlFilter@796e485e, org.springframework.security.web.context.request.async.WebAsyncManagerIntegrationFilter@2abdfa77, org.springframework.security.web.context.SecurityContextHolderFilter@4e70ae30, org.springframework.security.web.header.HeaderWriterFilter@6c9a0d75, org.springframework.web.filter.CorsFilter@2cb61711, org.springframework.security.web.authentication.logout.LogoutFilter@65b1dcac, com.fooddelivery.payment.security.JwtAuthenticationFilter@6f0d3da5, org.springframework.security.web.savedrequest.RequestCacheAwareFilter@1abea202, org.springframework.security.web.servletapi.SecurityContextHolderAwareRequestFilter@23a9b605, org.springframework.security.web.authentication.AnonymousAuthenticationFilter@6caff203, org.springframework.security.web.session.SessionManagementFilter@2d176711, org.springframework.security.web.access.ExceptionTranslationFilter@7ed87973, org.springframework.security.web.access.intercept.AuthorizationFilter@472335f4]
2026-06-24 09:59:15 [main] INFO  o.s.c.n.e.c.DiscoveryClientOptionalArgsConfiguration - Eureka HTTP Client uses RestTemplate.
2026-06-24 09:59:16 [main] WARN  o.s.c.l.c.LoadBalancerCacheAutoConfiguration$LoadBalancerCaffeineWarnLogger - Spring Cloud LoadBalancer is currently working with the default cache. While this cache implementation is useful for development and tests, it's recommended to use Caffeine cache in production.You can switch to using Caffeine cache, by adding it and org.springframework.cache.caffeine.CaffeineCacheManager to the classpath.
2026-06-24 09:59:16 [main] INFO  o.s.b.w.e.tomcat.TomcatWebServer - Tomcat started on port 57679 (http) with context path ''
2026-06-24 09:59:17 [main] INFO  o.s.a.r.c.CachingConnectionFactory - Attempting to connect to: [localhost:5672]
2026-06-24 09:59:17 [main] INFO  o.s.a.r.c.CachingConnectionFactory - Created new connection: rabbitConnectionFactory#57033983:0/SimpleConnection@502a0d94 [delegate=amqp://guest@127.0.0.1:5672/, localPort=52240]
2026-06-24 09:59:17 [main] INFO  o.s.amqp.rabbit.core.RabbitAdmin - Auto-declaring a non-durable or auto-delete Exchange (order.exchange) durable:false, auto-delete:false. It will be deleted by the broker if it shuts down, and can be redeclared by closing and reopening the connection.
2026-06-24 09:59:17 [main] INFO  o.s.amqp.rabbit.core.RabbitAdmin - Auto-declaring a non-durable or auto-delete Exchange (payment.exchange) durable:false, auto-delete:false. It will be deleted by the broker if it shuts down, and can be redeclared by closing and reopening the connection.
2026-06-24 09:59:17 [main] INFO  o.s.amqp.rabbit.core.RabbitAdmin - Auto-declaring a non-durable or auto-delete Exchange (restaurant.exchange) durable:false, auto-delete:false. It will be deleted by the broker if it shuts down, and can be redeclared by closing and reopening the connection.
2026-06-24 09:59:17 [main] INFO  o.s.amqp.rabbit.core.RabbitAdmin - Auto-declaring a non-durable or auto-delete Exchange (notification.exchange) durable:false, auto-delete:false. It will be deleted by the broker if it shuts down, and can be redeclared by closing and reopening the connection.
2026-06-24 09:59:17 [main] INFO  o.s.amqp.rabbit.core.RabbitAdmin - Auto-declaring a non-durable or auto-delete Exchange (dlx.exchange) durable:false, auto-delete:false. It will be deleted by the broker if it shuts down, and can be redeclared by closing and reopening the connection.
2026-06-24 09:59:17 [main] INFO  o.s.amqp.rabbit.core.RabbitAdmin - Auto-declaring a non-durable, auto-delete, or exclusive Queue (order.created.queue) durable:false, auto-delete:false, exclusive:false. It will be redeclared if the broker stops and is restarted while the connection factory is alive, but all messages will be lost.
2026-06-24 09:59:17 [main] INFO  o.s.amqp.rabbit.core.RabbitAdmin - Auto-declaring a non-durable, auto-delete, or exclusive Queue (order.confirmed.queue) durable:false, auto-delete:false, exclusive:false. It will be redeclared if the broker stops and is restarted while the connection factory is alive, but all messages will be lost.
2026-06-24 09:59:17 [main] INFO  o.s.amqp.rabbit.core.RabbitAdmin - Auto-declaring a non-durable, auto-delete, or exclusive Queue (order.cancelled.queue) durable:false, auto-delete:false, exclusive:false. It will be redeclared if the broker stops and is restarted while the connection factory is alive, but all messages will be lost.
2026-06-24 09:59:17 [main] INFO  o.s.amqp.rabbit.core.RabbitAdmin - Auto-declaring a non-durable, auto-delete, or exclusive Queue (payment.success.queue) durable:false, auto-delete:false, exclusive:false. It will be redeclared if the broker stops and is restarted while the connection factory is alive, but all messages will be lost.
2026-06-24 09:59:17 [main] INFO  o.s.amqp.rabbit.core.RabbitAdmin - Auto-declaring a non-durable, auto-delete, or exclusive Queue (payment.failed.queue) durable:false, auto-delete:false, exclusive:false. It will be redeclared if the broker stops and is restarted while the connection factory is alive, but all messages will be lost.
2026-06-24 09:59:17 [main] INFO  o.s.amqp.rabbit.core.RabbitAdmin - Auto-declaring a non-durable, auto-delete, or exclusive Queue (payment.refund.queue) durable:false, auto-delete:false, exclusive:false. It will be redeclared if the broker stops and is restarted while the connection factory is alive, but all messages will be lost.
2026-06-24 09:59:17 [main] INFO  o.s.amqp.rabbit.core.RabbitAdmin - Auto-declaring a non-durable, auto-delete, or exclusive Queue (restaurant.accepted.queue) durable:false, auto-delete:false, exclusive:false. It will be redeclared if the broker stops and is restarted while the connection factory is alive, but all messages will be lost.
2026-06-24 09:59:17 [main] INFO  o.s.amqp.rabbit.core.RabbitAdmin - Auto-declaring a non-durable, auto-delete, or exclusive Queue (restaurant.rejected.queue) durable:false, auto-delete:false, exclusive:false. It will be redeclared if the broker stops and is restarted while the connection factory is alive, but all messages will be lost.
2026-06-24 09:59:18 [main] INFO  c.f.p.PaymentServiceApplication - Started PaymentServiceApplication in 59.532 seconds (process running for 115.942)
2026-06-24 09:59:21 [org.springframework.amqp.rabbit.RabbitListenerEndpointContainer#0-2] INFO  o.s.a.r.l.SimpleMessageListenerContainer - Waiting for workers to finish.
2026-06-24 09:59:22 [org.springframework.amqp.rabbit.RabbitListenerEndpointContainer#0-2] INFO  o.s.a.r.l.SimpleMessageListenerContainer - Successfully waited for workers to finish.
2026-06-24 09:59:22 [SpringApplicationShutdownHook] INFO  o.s.o.j.LocalContainerEntityManagerFactoryBean - Closing JPA EntityManagerFactory for persistence unit 'default'
2026-06-24 09:59:22 [SpringApplicationShutdownHook] DEBUG org.hibernate.SQL - 
    drop table if exists payments cascade 
2026-06-24 09:59:22 [SpringApplicationShutdownHook] DEBUG org.hibernate.SQL - 
    drop table if exists processed_events cascade 
2026-06-24 09:59:22 [SpringApplicationShutdownHook] INFO  com.zaxxer.hikari.HikariDataSource - PaymentServiceHikariPool - Shutdown initiated...
2026-06-24 09:59:22 [SpringApplicationShutdownHook] INFO  com.zaxxer.hikari.HikariDataSource - PaymentServiceHikariPool - Shutdown completed.
2026-06-24 10:00:04 [main] INFO  c.f.p.PaymentServiceApplication - Starting PaymentServiceApplication using Java 17.0.18 with PID 37176 (C:\Users\avilakad\OneDrive - Publicis Groupe\Documents\Food-Delivery-main\payment-service\target\classes started by avilakad in C:\Users\avilakad\OneDrive - Publicis Groupe\Documents\Food-Delivery-main\payment-service)
2026-06-24 10:00:04 [main] DEBUG c.f.p.PaymentServiceApplication - Running with Spring Boot v3.2.0, Spring v6.1.1
2026-06-24 10:00:04 [main] INFO  c.f.p.PaymentServiceApplication - No active profile set, falling back to 1 default profile: "default"
2026-06-24 10:00:05 [main] INFO  o.s.c.c.c.ConfigServerConfigDataLoader - Fetching config from server at : http://localhost:8888
2026-06-24 10:00:05 [main] INFO  o.s.c.c.c.ConfigServerConfigDataLoader - Located environment: name=payment-service, profiles=[default], label=null, version=127b1adee530cd27467179f9b7c7520365be625a, state=null
2026-06-24 10:00:07 [main] INFO  o.s.d.r.c.RepositoryConfigurationDelegate - Bootstrapping Spring Data JPA repositories in DEFAULT mode.
2026-06-24 10:00:07 [main] INFO  o.s.d.r.c.RepositoryConfigurationDelegate - Finished Spring Data repository scanning in 208 ms. Found 2 JPA repository interfaces.
2026-06-24 10:00:07 [main] INFO  o.s.cloud.context.scope.GenericScope - BeanFactory id=6a176e32-b6cf-3caf-bbc2-72cc75fb4ce4
2026-06-24 10:00:08 [main] WARN  o.s.c.s.PostProcessorRegistrationDelegate$BeanPostProcessorChecker - Bean 'org.springframework.cloud.client.loadbalancer.LoadBalancerAutoConfiguration$RetryInterceptorAutoConfiguration' of type [org.springframework.cloud.client.loadbalancer.LoadBalancerAutoConfiguration$RetryInterceptorAutoConfiguration] is not eligible for getting processed by all BeanPostProcessors (for example: not eligible for auto-proxying). The currently created BeanPostProcessor [lbRestClientPostProcessor] is declared through a non-static factory method on that class; consider declaring it as static instead.
2026-06-24 10:00:08 [main] WARN  o.s.c.s.PostProcessorRegistrationDelegate$BeanPostProcessorChecker - Bean 'org.springframework.cloud.loadbalancer.config.BlockingLoadBalancerClientAutoConfiguration' of type [org.springframework.cloud.loadbalancer.config.BlockingLoadBalancerClientAutoConfiguration] is not eligible for getting processed by all BeanPostProcessors (for example: not eligible for auto-proxying). Is this bean getting eagerly injected into a currently created BeanPostProcessor [lbRestClientPostProcessor]? Check the corresponding BeanPostProcessor declaration and its dependencies.
2026-06-24 10:00:08 [main] WARN  o.s.c.s.PostProcessorRegistrationDelegate$BeanPostProcessorChecker - Bean 'org.springframework.cloud.loadbalancer.config.LoadBalancerAutoConfiguration' of type [org.springframework.cloud.loadbalancer.config.LoadBalancerAutoConfiguration] is not eligible for getting processed by all BeanPostProcessors (for example: not eligible for auto-proxying). Is this bean getting eagerly injected into a currently created BeanPostProcessor [lbRestClientPostProcessor]? Check the corresponding BeanPostProcessor declaration and its dependencies.
2026-06-24 10:00:08 [main] WARN  o.s.c.s.PostProcessorRegistrationDelegate$BeanPostProcessorChecker - Bean 'org.springframework.cloud.commons.config.CommonsConfigAutoConfiguration' of type [org.springframework.cloud.commons.config.CommonsConfigAutoConfiguration] is not eligible for getting processed by all BeanPostProcessors (for example: not eligible for auto-proxying). Is this bean getting eagerly injected into a currently created BeanPostProcessor [lbRestClientPostProcessor]? Check the corresponding BeanPostProcessor declaration and its dependencies.
2026-06-24 10:00:08 [main] WARN  o.s.c.s.PostProcessorRegistrationDelegate$BeanPostProcessorChecker - Bean 'org.springframework.cloud.client.loadbalancer.LoadBalancerDefaultMappingsProviderAutoConfiguration' of type [org.springframework.cloud.client.loadbalancer.LoadBalancerDefaultMappingsProviderAutoConfiguration] is not eligible for getting processed by all BeanPostProcessors (for example: not eligible for auto-proxying). Is this bean getting eagerly injected into a currently created BeanPostProcessor [lbRestClientPostProcessor]? Check the corresponding BeanPostProcessor declaration and its dependencies.
2026-06-24 10:00:08 [main] WARN  o.s.c.s.PostProcessorRegistrationDelegate$BeanPostProcessorChecker - Bean 'loadBalancerClientsDefaultsMappingsProvider' of type [org.springframework.cloud.client.loadbalancer.LoadBalancerDefaultMappingsProviderAutoConfiguration$$Lambda$675/0x000001931254fdd0] is not eligible for getting processed by all BeanPostProcessors (for example: not eligible for auto-proxying). Is this bean getting eagerly injected into a currently created BeanPostProcessor [lbRestClientPostProcessor]? Check the corresponding BeanPostProcessor declaration and its dependencies.
2026-06-24 10:00:08 [main] WARN  o.s.c.s.PostProcessorRegistrationDelegate$BeanPostProcessorChecker - Bean 'defaultsBindHandlerAdvisor' of type [org.springframework.cloud.commons.config.DefaultsBindHandlerAdvisor] is not eligible for getting processed by all BeanPostProcessors (for example: not eligible for auto-proxying). Is this bean getting eagerly injected into a currently created BeanPostProcessor [lbRestClientPostProcessor]? Check the corresponding BeanPostProcessor declaration and its dependencies.
2026-06-24 10:00:08 [main] WARN  o.s.c.s.PostProcessorRegistrationDelegate$BeanPostProcessorChecker - Bean 'spring.cloud.loadbalancer-org.springframework.cloud.client.loadbalancer.LoadBalancerClientsProperties' of type [org.springframework.cloud.client.loadbalancer.LoadBalancerClientsProperties] is not eligible for getting processed by all BeanPostProcessors (for example: not eligible for auto-proxying). Is this bean getting eagerly injected into a currently created BeanPostProcessor [lbRestClientPostProcessor]? Check the corresponding BeanPostProcessor declaration and its dependencies.
2026-06-24 10:00:08 [main] WARN  o.s.c.s.PostProcessorRegistrationDelegate$BeanPostProcessorChecker - Bean 'default.org.springframework.cloud.loadbalancer.config.LoadBalancerAutoConfiguration.LoadBalancerClientSpecification' of type [org.springframework.cloud.loadbalancer.annotation.LoadBalancerClientSpecification] is not eligible for getting processed by all BeanPostProcessors (for example: not eligible for auto-proxying). Is this bean getting eagerly injected into a currently created BeanPostProcessor [lbRestClientPostProcessor]? Check the corresponding BeanPostProcessor declaration and its dependencies.
2026-06-24 10:00:08 [main] WARN  o.s.c.s.PostProcessorRegistrationDelegate$BeanPostProcessorChecker - Bean 'default.org.springframework.cloud.loadbalancer.config.BlockingLoadBalancerClientAutoConfiguration.LoadBalancerClientSpecification' of type [org.springframework.cloud.loadbalancer.annotation.LoadBalancerClientSpecification] is not eligible for getting processed by all BeanPostProcessors (for example: not eligible for auto-proxying). Is this bean getting eagerly injected into a currently created BeanPostProcessor [lbRestClientPostProcessor]? Check the corresponding BeanPostProcessor declaration and its dependencies.
2026-06-24 10:00:08 [main] WARN  o.s.c.s.PostProcessorRegistrationDelegate$BeanPostProcessorChecker - Bean 'default.org.springframework.cloud.netflix.eureka.loadbalancer.LoadBalancerEurekaAutoConfiguration.LoadBalancerClientSpecification' of type [org.springframework.cloud.loadbalancer.annotation.LoadBalancerClientSpecification] is not eligible for getting processed by all BeanPostProcessors (for example: not eligible for auto-proxying). Is this bean getting eagerly injected into a currently created BeanPostProcessor [lbRestClientPostProcessor]? Check the corresponding BeanPostProcessor declaration and its dependencies.
2026-06-24 10:00:08 [main] WARN  o.s.c.s.PostProcessorRegistrationDelegate$BeanPostProcessorChecker - Bean 'loadBalancerClientFactory' of type [org.springframework.cloud.loadbalancer.support.LoadBalancerClientFactory] is not eligible for getting processed by all BeanPostProcessors (for example: not eligible for auto-proxying). Is this bean getting eagerly injected into a currently created BeanPostProcessor [lbRestClientPostProcessor]? Check the corresponding BeanPostProcessor declaration and its dependencies.
2026-06-24 10:00:08 [main] WARN  o.s.c.s.PostProcessorRegistrationDelegate$BeanPostProcessorChecker - Bean 'blockingLoadBalancerClient' of type [org.springframework.cloud.loadbalancer.blocking.client.BlockingLoadBalancerClient] is not eligible for getting processed by all BeanPostProcessors (for example: not eligible for auto-proxying). Is this bean getting eagerly injected into a currently created BeanPostProcessor [lbRestClientPostProcessor]? Check the corresponding BeanPostProcessor declaration and its dependencies.
2026-06-24 10:00:08 [main] WARN  o.s.c.s.PostProcessorRegistrationDelegate$BeanPostProcessorChecker - Bean 'loadBalancerServiceInstanceCookieTransformer' of type [org.springframework.cloud.loadbalancer.core.LoadBalancerServiceInstanceCookieTransformer] is not eligible for getting processed by all BeanPostProcessors (for example: not eligible for auto-proxying). Is this bean getting eagerly injected into a currently created BeanPostProcessor [lbRestClientPostProcessor]? Check the corresponding BeanPostProcessor declaration and its dependencies.
2026-06-24 10:00:08 [main] WARN  o.s.c.s.PostProcessorRegistrationDelegate$BeanPostProcessorChecker - Bean 'xForwarderHeadersTransformer' of type [org.springframework.cloud.loadbalancer.blocking.XForwardedHeadersTransformer] is not eligible for getting processed by all BeanPostProcessors (for example: not eligible for auto-proxying). Is this bean getting eagerly injected into a currently created BeanPostProcessor [lbRestClientPostProcessor]? Check the corresponding BeanPostProcessor declaration and its dependencies.
2026-06-24 10:00:08 [main] WARN  o.s.c.s.PostProcessorRegistrationDelegate$BeanPostProcessorChecker - Bean 'org.springframework.cloud.client.loadbalancer.LoadBalancerAutoConfiguration' of type [org.springframework.cloud.client.loadbalancer.LoadBalancerAutoConfiguration] is not eligible for getting processed by all BeanPostProcessors (for example: not eligible for auto-proxying). Is this bean getting eagerly injected into a currently created BeanPostProcessor [lbRestClientPostProcessor]? Check the corresponding BeanPostProcessor declaration and its dependencies.
2026-06-24 10:00:08 [main] WARN  o.s.c.s.PostProcessorRegistrationDelegate$BeanPostProcessorChecker - Bean 'loadBalancerRequestFactory' of type [org.springframework.cloud.client.loadbalancer.LoadBalancerRequestFactory] is not eligible for getting processed by all BeanPostProcessors (for example: not eligible for auto-proxying). Is this bean getting eagerly injected into a currently created BeanPostProcessor [lbRestClientPostProcessor]? Check the corresponding BeanPostProcessor declaration and its dependencies.
2026-06-24 10:00:08 [main] WARN  o.s.c.s.PostProcessorRegistrationDelegate$BeanPostProcessorChecker - Bean 'org.springframework.cloud.loadbalancer.config.BlockingLoadBalancerClientAutoConfiguration$BlockingLoadBalancerRetryConfig' of type [org.springframework.cloud.loadbalancer.config.BlockingLoadBalancerClientAutoConfiguration$BlockingLoadBalancerRetryConfig$$SpringCGLIB$$0] is not eligible for getting processed by all BeanPostProcessors (for example: not eligible for auto-proxying). Is this bean getting eagerly injected into a currently created BeanPostProcessor [lbRestClientPostProcessor]? Check the corresponding BeanPostProcessor declaration and its dependencies.
2026-06-24 10:00:08 [main] WARN  o.s.c.s.PostProcessorRegistrationDelegate$BeanPostProcessorChecker - Bean 'loadBalancedRetryFactory' of type [org.springframework.cloud.loadbalancer.blocking.retry.BlockingLoadBalancedRetryFactory] is not eligible for getting processed by all BeanPostProcessors (for example: not eligible for auto-proxying). Is this bean getting eagerly injected into a currently created BeanPostProcessor [lbRestClientPostProcessor]? Check the corresponding BeanPostProcessor declaration and its dependencies.
2026-06-24 10:00:08 [main] WARN  o.s.c.s.PostProcessorRegistrationDelegate$BeanPostProcessorChecker - Bean 'loadBalancerInterceptor' of type [org.springframework.cloud.client.loadbalancer.RetryLoadBalancerInterceptor] is not eligible for getting processed by all BeanPostProcessors (for example: not eligible for auto-proxying). Is this bean getting eagerly injected into a currently created BeanPostProcessor [lbRestClientPostProcessor]? Check the corresponding BeanPostProcessor declaration and its dependencies.
2026-06-24 10:00:09 [main] INFO  o.s.b.w.e.tomcat.TomcatWebServer - Tomcat initialized with port 8084 (http)
2026-06-24 10:00:09 [main] INFO  o.a.catalina.core.StandardService - Starting service [Tomcat]
2026-06-24 10:00:09 [main] INFO  o.a.catalina.core.StandardEngine - Starting Servlet engine: [Apache Tomcat/10.1.16]
2026-06-24 10:00:10 [main] INFO  o.a.c.c.C.[Tomcat].[localhost].[/] - Initializing Spring embedded WebApplicationContext
2026-06-24 10:00:10 [main] INFO  o.s.b.w.s.c.ServletWebServerApplicationContext - Root WebApplicationContext: initialization completed in 5147 ms
2026-06-24 10:00:11 [main] DEBUG c.f.p.s.JwtAuthenticationFilter - Filter 'jwtAuthenticationFilter' configured for use
2026-06-24 10:00:11 [main] INFO  o.h.jpa.internal.util.LogHelper - HHH000204: Processing PersistenceUnitInfo [name: default]
2026-06-24 10:00:12 [main] INFO  org.hibernate.Version - HHH000412: Hibernate ORM core version 6.3.1.Final
2026-06-24 10:00:12 [main] INFO  o.h.c.i.RegionFactoryInitiator - HHH000026: Second-level cache disabled
2026-06-24 10:00:12 [main] INFO  o.s.o.j.p.SpringPersistenceUnitInfo - No LoadTimeWeaver setup: ignoring JPA class transformer
2026-06-24 10:00:12 [main] INFO  com.zaxxer.hikari.HikariDataSource - PaymentServiceHikariPool - Starting...
2026-06-24 10:00:12 [main] INFO  com.zaxxer.hikari.pool.HikariPool - PaymentServiceHikariPool - Added connection org.postgresql.jdbc.PgConnection@57fb6900
2026-06-24 10:00:12 [main] INFO  com.zaxxer.hikari.HikariDataSource - PaymentServiceHikariPool - Start completed.
2026-06-24 10:00:13 [main] INFO  o.h.e.t.j.p.i.JtaPlatformInitiator - HHH000489: No JTA platform available (set 'hibernate.transaction.jta.platform' to enable JTA platform integration)
2026-06-24 10:00:13 [main] INFO  o.s.o.j.LocalContainerEntityManagerFactoryBean - Initialized JPA EntityManagerFactory for persistence unit 'default'
2026-06-24 10:00:15 [main] WARN  o.s.b.a.s.s.UserDetailsServiceAutoConfiguration - 

Using generated security password: e713f74a-0206-442a-9fc0-ebebf333b202

This generated password is for development use only. Your security configuration must be updated before running your application in production.

2026-06-24 10:00:16 [main] INFO  o.s.b.a.e.web.EndpointLinksResolver - Exposing 10 endpoint(s) beneath base path '/actuator'
2026-06-24 10:00:16 [main] INFO  o.s.s.web.DefaultSecurityFilterChain - Will secure any request with [org.springframework.security.web.session.DisableEncodeUrlFilter@75f9ae0, org.springframework.security.web.context.request.async.WebAsyncManagerIntegrationFilter@7672ea5f, org.springframework.security.web.context.SecurityContextHolderFilter@3fe94bea, org.springframework.security.web.header.HeaderWriterFilter@4468fdae, org.springframework.web.filter.CorsFilter@6b092322, org.springframework.security.web.authentication.logout.LogoutFilter@114ef80a, com.fooddelivery.payment.security.JwtAuthenticationFilter@5b74bb75, org.springframework.security.web.savedrequest.RequestCacheAwareFilter@4aebeda8, org.springframework.security.web.servletapi.SecurityContextHolderAwareRequestFilter@245c8ea5, org.springframework.security.web.authentication.AnonymousAuthenticationFilter@22cdc378, org.springframework.security.web.session.SessionManagementFilter@156cfd3b, org.springframework.security.web.access.ExceptionTranslationFilter@6f6cad25, org.springframework.security.web.access.intercept.AuthorizationFilter@6407c1b3]
2026-06-24 10:00:18 [main] INFO  o.s.c.n.e.c.DiscoveryClientOptionalArgsConfiguration - Eureka HTTP Client uses RestTemplate.
2026-06-24 10:00:18 [main] WARN  o.s.c.l.c.LoadBalancerCacheAutoConfiguration$LoadBalancerCaffeineWarnLogger - Spring Cloud LoadBalancer is currently working with the default cache. While this cache implementation is useful for development and tests, it's recommended to use Caffeine cache in production.You can switch to using Caffeine cache, by adding it and org.springframework.cache.caffeine.CaffeineCacheManager to the classpath.
2026-06-24 10:00:18 [main] INFO  o.s.c.n.eureka.InstanceInfoFactory - Setting initial instance status as: STARTING
2026-06-24 10:00:18 [main] INFO  c.netflix.discovery.DiscoveryClient - Initializing Eureka in region us-east-1
2026-06-24 10:00:18 [main] INFO  c.n.d.s.r.aws.ConfigClusterResolver - Resolving eureka endpoints via configuration
2026-06-24 10:00:18 [main] INFO  c.netflix.discovery.DiscoveryClient - Disable delta property : false
2026-06-24 10:00:18 [main] INFO  c.netflix.discovery.DiscoveryClient - Single vip registry refresh property : null
2026-06-24 10:00:18 [main] INFO  c.netflix.discovery.DiscoveryClient - Force full registry fetch : false
2026-06-24 10:00:18 [main] INFO  c.netflix.discovery.DiscoveryClient - Application is null : false
2026-06-24 10:00:18 [main] INFO  c.netflix.discovery.DiscoveryClient - Registered Applications size is zero : true
2026-06-24 10:00:18 [main] INFO  c.netflix.discovery.DiscoveryClient - Application version is -1: true
2026-06-24 10:00:18 [main] INFO  c.netflix.discovery.DiscoveryClient - Getting all instance registry info from the eureka server
2026-06-24 10:00:18 [main] INFO  c.netflix.discovery.DiscoveryClient - The response status is 200
2026-06-24 10:00:18 [main] INFO  c.netflix.discovery.DiscoveryClient - Starting heartbeat executor: renew interval is: 10
2026-06-24 10:00:18 [main] INFO  c.n.discovery.InstanceInfoReplicator - InstanceInfoReplicator onDemand update allowed rate per min is 4
2026-06-24 10:00:18 [main] INFO  c.netflix.discovery.DiscoveryClient - Discovery Client initialized at timestamp 1782275418813 with initial instances count: 2
2026-06-24 10:00:18 [main] INFO  o.s.c.n.e.s.EurekaServiceRegistry - Registering application PAYMENT-SERVICE with eureka with status UP
2026-06-24 10:00:18 [main] INFO  c.netflix.discovery.DiscoveryClient - Saw local status change event StatusChangeEvent [timestamp=1782275418833, current=UP, previous=STARTING]
2026-06-24 10:00:18 [DiscoveryClient-InstanceInfoReplicator-0] INFO  c.netflix.discovery.DiscoveryClient - DiscoveryClient_PAYMENT-SERVICE/payment-service:a08628771fa599db97b4a0527ebebdc6: registering service...
2026-06-24 10:00:18 [main] INFO  o.s.b.w.e.tomcat.TomcatWebServer - Tomcat started on port 8084 (http) with context path ''
2026-06-24 10:00:18 [main] INFO  o.s.c.n.e.s.EurekaAutoServiceRegistration - Updating port to 8084
2026-06-24 10:00:18 [DiscoveryClient-InstanceInfoReplicator-0] INFO  c.netflix.discovery.DiscoveryClient - DiscoveryClient_PAYMENT-SERVICE/payment-service:a08628771fa599db97b4a0527ebebdc6 - registration status: 204
2026-06-24 10:00:19 [main] INFO  o.s.a.r.c.CachingConnectionFactory - Attempting to connect to: [localhost:5672]
2026-06-24 10:00:19 [main] INFO  o.s.a.r.c.CachingConnectionFactory - Created new connection: rabbitConnectionFactory#49fb77d0:0/SimpleConnection@71b5be5d [delegate=amqp://guest@127.0.0.1:5672/, localPort=56592]
2026-06-24 10:00:19 [main] INFO  o.s.amqp.rabbit.core.RabbitAdmin - Auto-declaring a non-durable or auto-delete Exchange (order.exchange) durable:false, auto-delete:false. It will be deleted by the broker if it shuts down, and can be redeclared by closing and reopening the connection.
2026-06-24 10:00:19 [main] INFO  o.s.amqp.rabbit.core.RabbitAdmin - Auto-declaring a non-durable or auto-delete Exchange (payment.exchange) durable:false, auto-delete:false. It will be deleted by the broker if it shuts down, and can be redeclared by closing and reopening the connection.
2026-06-24 10:00:19 [main] INFO  o.s.amqp.rabbit.core.RabbitAdmin - Auto-declaring a non-durable or auto-delete Exchange (restaurant.exchange) durable:false, auto-delete:false. It will be deleted by the broker if it shuts down, and can be redeclared by closing and reopening the connection.
2026-06-24 10:00:19 [main] INFO  o.s.amqp.rabbit.core.RabbitAdmin - Auto-declaring a non-durable or auto-delete Exchange (notification.exchange) durable:false, auto-delete:false. It will be deleted by the broker if it shuts down, and can be redeclared by closing and reopening the connection.
2026-06-24 10:00:19 [main] INFO  o.s.amqp.rabbit.core.RabbitAdmin - Auto-declaring a non-durable or auto-delete Exchange (dlx.exchange) durable:false, auto-delete:false. It will be deleted by the broker if it shuts down, and can be redeclared by closing and reopening the connection.
2026-06-24 10:00:19 [main] INFO  o.s.amqp.rabbit.core.RabbitAdmin - Auto-declaring a non-durable, auto-delete, or exclusive Queue (order.created.queue) durable:false, auto-delete:false, exclusive:false. It will be redeclared if the broker stops and is restarted while the connection factory is alive, but all messages will be lost.
2026-06-24 10:00:19 [main] INFO  o.s.amqp.rabbit.core.RabbitAdmin - Auto-declaring a non-durable, auto-delete, or exclusive Queue (order.confirmed.queue) durable:false, auto-delete:false, exclusive:false. It will be redeclared if the broker stops and is restarted while the connection factory is alive, but all messages will be lost.
2026-06-24 10:00:19 [main] INFO  o.s.amqp.rabbit.core.RabbitAdmin - Auto-declaring a non-durable, auto-delete, or exclusive Queue (order.cancelled.queue) durable:false, auto-delete:false, exclusive:false. It will be redeclared if the broker stops and is restarted while the connection factory is alive, but all messages will be lost.
2026-06-24 10:00:19 [main] INFO  o.s.amqp.rabbit.core.RabbitAdmin - Auto-declaring a non-durable, auto-delete, or exclusive Queue (payment.success.queue) durable:false, auto-delete:false, exclusive:false. It will be redeclared if the broker stops and is restarted while the connection factory is alive, but all messages will be lost.
2026-06-24 10:00:19 [main] INFO  o.s.amqp.rabbit.core.RabbitAdmin - Auto-declaring a non-durable, auto-delete, or exclusive Queue (payment.failed.queue) durable:false, auto-delete:false, exclusive:false. It will be redeclared if the broker stops and is restarted while the connection factory is alive, but all messages will be lost.
2026-06-24 10:00:19 [main] INFO  o.s.amqp.rabbit.core.RabbitAdmin - Auto-declaring a non-durable, auto-delete, or exclusive Queue (payment.refund.queue) durable:false, auto-delete:false, exclusive:false. It will be redeclared if the broker stops and is restarted while the connection factory is alive, but all messages will be lost.
2026-06-24 10:00:19 [main] INFO  o.s.amqp.rabbit.core.RabbitAdmin - Auto-declaring a non-durable, auto-delete, or exclusive Queue (restaurant.accepted.queue) durable:false, auto-delete:false, exclusive:false. It will be redeclared if the broker stops and is restarted while the connection factory is alive, but all messages will be lost.
2026-06-24 10:00:19 [main] INFO  o.s.amqp.rabbit.core.RabbitAdmin - Auto-declaring a non-durable, auto-delete, or exclusive Queue (restaurant.rejected.queue) durable:false, auto-delete:false, exclusive:false. It will be redeclared if the broker stops and is restarted while the connection factory is alive, but all messages will be lost.
2026-06-24 10:00:19 [main] INFO  c.f.p.PaymentServiceApplication - Started PaymentServiceApplication in 16.426 seconds (process running for 17.312)
2026-06-24 10:00:23 [http-nio-8084-exec-1] INFO  o.a.c.c.C.[Tomcat].[localhost].[/] - Initializing Spring DispatcherServlet 'dispatcherServlet'
2026-06-24 10:00:23 [http-nio-8084-exec-1] INFO  o.s.web.servlet.DispatcherServlet - Initializing Servlet 'dispatcherServlet'
2026-06-24 10:00:23 [http-nio-8084-exec-1] INFO  o.s.web.servlet.DispatcherServlet - Completed initialization in 2 ms
2026-06-24 10:00:23 [http-nio-8084-exec-1] WARN  o.s.w.s.h.HandlerMappingIntrospector - Cache miss for REQUEST dispatch to '/actuator/prometheus' (previous null). Performing MatchableHandlerMapping lookup. This is logged once only at WARN level, and every time at TRACE.
2026-06-24 10:05:18 [AsyncResolver-bootstrap-executor-0] INFO  c.n.d.s.r.aws.ConfigClusterResolver - Resolving eureka endpoints via configuration
2026-06-24 10:10:18 [AsyncResolver-bootstrap-executor-0] INFO  c.n.d.s.r.aws.ConfigClusterResolver - Resolving eureka endpoints via configuration
2026-06-24 10:15:18 [AsyncResolver-bootstrap-executor-0] INFO  c.n.d.s.r.aws.ConfigClusterResolver - Resolving eureka endpoints via configuration
2026-06-24 10:20:18 [AsyncResolver-bootstrap-executor-0] INFO  c.n.d.s.r.aws.ConfigClusterResolver - Resolving eureka endpoints via configuration
2026-06-24 10:25:18 [AsyncResolver-bootstrap-executor-0] INFO  c.n.d.s.r.aws.ConfigClusterResolver - Resolving eureka endpoints via configuration
2026-06-24 10:30:18 [AsyncResolver-bootstrap-executor-0] INFO  c.n.d.s.r.aws.ConfigClusterResolver - Resolving eureka endpoints via configuration
2026-06-24 10:35:18 [AsyncResolver-bootstrap-executor-0] INFO  c.n.d.s.r.aws.ConfigClusterResolver - Resolving eureka endpoints via configuration
2026-06-24 10:40:18 [AsyncResolver-bootstrap-executor-0] INFO  c.n.d.s.r.aws.ConfigClusterResolver - Resolving eureka endpoints via configuration
2026-06-24 10:45:18 [AsyncResolver-bootstrap-executor-0] INFO  c.n.d.s.r.aws.ConfigClusterResolver - Resolving eureka endpoints via configuration
2026-06-24 10:50:18 [AsyncResolver-bootstrap-executor-0] INFO  c.n.d.s.r.aws.ConfigClusterResolver - Resolving eureka endpoints via configuration
2026-06-24 10:55:18 [AsyncResolver-bootstrap-executor-0] INFO  c.n.d.s.r.aws.ConfigClusterResolver - Resolving eureka endpoints via configuration
